
Discarded input sections

 .data          0x00000000        0x0 build/obj/crt0_v7m.o
 .bss           0x00000000        0x0 build/obj/crt0_v7m.o
 .data          0x00000000        0x0 build/obj/chcoreasm_v7m.o
 .bss           0x00000000        0x0 build/obj/chcoreasm_v7m.o
 .text          0x00000000        0x0 build/obj/crt1.o (symbol from plugin)
 .text          0x00000000        0x0 C:\Users\user\AppData\Local\Temp\ccV1maQ3.ltrans0.ltrans.o
 .data          0x00000000        0x0 C:\Users\user\AppData\Local\Temp\ccV1maQ3.ltrans0.ltrans.o
 .bss           0x00000000        0x0 C:\Users\user\AppData\Local\Temp\ccV1maQ3.ltrans0.ltrans.o
 .text          0x00000000        0x0 build/obj/vectors.o (symbol from plugin)
 .text          0x00000000        0x0 build/obj/chsys.o (symbol from plugin)
 .text          0x00000000        0x0 build/obj/chdebug.o (symbol from plugin)
 .text          0x00000000        0x0 build/obj/chtrace.o (symbol from plugin)
 .text          0x00000000        0x0 build/obj/chvt.o (symbol from plugin)
 .text          0x00000000        0x0 build/obj/chschd.o (symbol from plugin)
 .text          0x00000000        0x0 build/obj/chthreads.o (symbol from plugin)
 .text          0x00000000        0x0 build/obj/chtm.o (symbol from plugin)
 .text          0x00000000        0x0 build/obj/chregistry.o (symbol from plugin)
 .text          0x00000000        0x0 build/obj/chsem.o (symbol from plugin)
 .text          0x00000000        0x0 build/obj/chmtx.o (symbol from plugin)
 .text          0x00000000        0x0 build/obj/chcond.o (symbol from plugin)
 .text          0x00000000        0x0 build/obj/chevents.o (symbol from plugin)
 .text          0x00000000        0x0 build/obj/chmsg.o (symbol from plugin)
 .text          0x00000000        0x0 build/obj/chdynamic.o (symbol from plugin)
 .text          0x00000000        0x0 build/obj/chmboxes.o (symbol from plugin)
 .text          0x00000000        0x0 build/obj/chmemcore.o (symbol from plugin)
 .text          0x00000000        0x0 build/obj/chheap.o (symbol from plugin)
 .text          0x00000000        0x0 build/obj/chmempools.o (symbol from plugin)
 .text          0x00000000        0x0 build/obj/chcore.o (symbol from plugin)
 .text          0x00000000        0x0 build/obj/chcore_v7m.o (symbol from plugin)
 .text          0x00000000        0x0 build/obj/osal.o (symbol from plugin)
 .text          0x00000000        0x0 build/obj/hal.o (symbol from plugin)
 .text          0x00000000        0x0 build/obj/hal_st.o (symbol from plugin)
 .text          0x00000000        0x0 build/obj/hal_buffers.o (symbol from plugin)
 .text          0x00000000        0x0 build/obj/hal_queues.o (symbol from plugin)
 .text          0x00000000        0x0 build/obj/hal_mmcsd.o (symbol from plugin)
 .text          0x00000000        0x0 build/obj/hal_pal.o (symbol from plugin)
 .text          0x00000000        0x0 build/obj/hal_pwm.o (symbol from plugin)
 .text          0x00000000        0x0 build/obj/nvic.o (symbol from plugin)
 .text          0x00000000        0x0 build/obj/hal_lld.o (symbol from plugin)
 .text          0x00000000        0x0 build/obj/stm32_dma.o (symbol from plugin)
 .text          0x00000000        0x0 build/obj/hal_pal_lld.o (symbol from plugin)
 .text          0x00000000        0x0 build/obj/hal_st_lld.o (symbol from plugin)
 .text          0x00000000        0x0 build/obj/hal_pwm_lld.o (symbol from plugin)
 .text          0x00000000        0x0 build/obj/board.o (symbol from plugin)
 .text          0x00000000        0x0 build/obj/chprintf.o (symbol from plugin)
 .text          0x00000000        0x0 build/obj/memstreams.o (symbol from plugin)
 .text          0x00000000        0x0 build/obj/nullstreams.o (symbol from plugin)
 .text          0x00000000        0x0 build/obj/main.o (symbol from plugin)

Memory Configuration

Name             Origin             Length             Attributes
flash0           0x08000000         0x00080000
flash1           0x00000000         0x00000000
flash2           0x00000000         0x00000000
flash3           0x00000000         0x00000000
flash4           0x00000000         0x00000000
flash5           0x00000000         0x00000000
flash6           0x00000000         0x00000000
flash7           0x00000000         0x00000000
ram0             0x20000000         0x00018000
ram1             0x00000000         0x00000000
ram2             0x00000000         0x00000000
ram3             0x00000000         0x00000000
ram4             0x00000000         0x00000000
ram5             0x00000000         0x00000000
ram6             0x00000000         0x00000000
ram7             0x00000000         0x00000000
*default*        0x00000000         0xffffffff

Linker script and memory map

LOAD build/obj/crt0_v7m.o
LOAD build/obj/chcoreasm_v7m.o
LOAD build/obj/crt1.o
LOAD C:\Users\user\AppData\Local\Temp\ccV1maQ3.ltrans0.ltrans.o
LOAD build/obj/vectors.o
LOAD build/obj/chsys.o
LOAD build/obj/chdebug.o
LOAD build/obj/chtrace.o
LOAD build/obj/chvt.o
LOAD build/obj/chschd.o
LOAD build/obj/chthreads.o
LOAD build/obj/chtm.o
LOAD build/obj/chregistry.o
LOAD build/obj/chsem.o
LOAD build/obj/chmtx.o
LOAD build/obj/chcond.o
LOAD build/obj/chevents.o
LOAD build/obj/chmsg.o
LOAD build/obj/chdynamic.o
LOAD build/obj/chmboxes.o
LOAD build/obj/chmemcore.o
LOAD build/obj/chheap.o
LOAD build/obj/chmempools.o
LOAD build/obj/chcore.o
LOAD build/obj/chcore_v7m.o
LOAD build/obj/osal.o
LOAD build/obj/hal.o
LOAD build/obj/hal_st.o
LOAD build/obj/hal_buffers.o
LOAD build/obj/hal_queues.o
LOAD build/obj/hal_mmcsd.o
LOAD build/obj/hal_pal.o
LOAD build/obj/hal_pwm.o
LOAD build/obj/nvic.o
LOAD build/obj/hal_lld.o
LOAD build/obj/stm32_dma.o
LOAD build/obj/hal_pal_lld.o
LOAD build/obj/hal_st_lld.o
LOAD build/obj/hal_pwm_lld.o
LOAD build/obj/board.o
LOAD build/obj/chprintf.o
LOAD build/obj/memstreams.o
LOAD build/obj/nullstreams.o
LOAD build/obj/main.o

.mstack         0x20000000      0x400
                0x20000000                . = ALIGN (0x8)
                0x20000000                __main_stack_base__ = .
                0x20000400                . = (. + __main_stack_size__)
 *fill*         0x20000000      0x400 
                0x20000400                . = ALIGN (0x8)
                0x20000400                __main_stack_end__ = .

.pstack         0x20000400      0x400
                0x20000400                __process_stack_base__ = .
                0x20000400                __main_thread_stack_base__ = .
                0x20000800                . = (. + __process_stack_size__)
 *fill*         0x20000400      0x400 
                0x20000800                . = ALIGN (0x8)
                0x20000800                __process_stack_end__ = .
                0x20000800                __main_thread_stack_end__ = .

.vectors        0x08000000      0x1c0
 *(.vectors)
 .vectors       0x08000000      0x1c0 C:\Users\user\AppData\Local\Temp\ccV1maQ3.ltrans0.ltrans.o
                0x08000000                _vectors

.xtors          0x080001c0        0x0
                0x080001c0                __init_array_start = .
 *(SORT(.init_array.*))
 *(.init_array)
                0x080001c0                __init_array_end = .
                0x080001c0                __fini_array_start = .
 *(.fini_array)
 *(SORT(.fini_array.*))
                0x080001c0                __fini_array_end = .

.text           0x080001c0      0xaa4
 *(.text)
 .text          0x080001c0       0xd4 build/obj/crt0_v7m.o
                0x080001c0                Reset_Handler
 .text          0x08000294       0x28 build/obj/chcoreasm_v7m.o
                0x08000294                _port_switch
                0x080002a4                _port_thread_start
                0x080002b4                _port_switch_from_isr
                0x080002b8                _port_exit_from_isr
 *(.text.*)
 *fill*         0x080002bc        0x4 
 .text.chTMStartMeasurementX.constprop.9
                0x080002c0        0xc C:\Users\user\AppData\Local\Temp\ccV1maQ3.ltrans0.ltrans.o
 *fill*         0x080002cc        0x4 
 .text.chCoreAllocAligned
                0x080002d0       0x40 C:\Users\user\AppData\Local\Temp\ccV1maQ3.ltrans0.ltrans.o
 .text._port_irq_epilogue
                0x08000310       0x5c C:\Users\user\AppData\Local\Temp\ccV1maQ3.ltrans0.ltrans.o
 *fill*         0x0800036c        0x4 
 .text.VectorA4
                0x08000370       0x64 C:\Users\user\AppData\Local\Temp\ccV1maQ3.ltrans0.ltrans.o
 *fill*         0x080003d4        0xc 
 .text.VectorAC
                0x080003e0        0x4 C:\Users\user\AppData\Local\Temp\ccV1maQ3.ltrans0.ltrans.o
 *fill*         0x080003e4        0xc 
 .text.VectorB0
                0x080003f0       0x94 C:\Users\user\AppData\Local\Temp\ccV1maQ3.ltrans0.ltrans.o
 *fill*         0x08000484        0xc 
 .text.SVC_Handler
                0x08000490       0x1c C:\Users\user\AppData\Local\Temp\ccV1maQ3.ltrans0.ltrans.o
 *fill*         0x080004ac        0x4 
 .text.chTMStopMeasurementX
                0x080004b0       0x44 C:\Users\user\AppData\Local\Temp\ccV1maQ3.ltrans0.ltrans.o
 *fill*         0x080004f4        0xc 
 .text._idle_thread
                0x08000500        0x4 C:\Users\user\AppData\Local\Temp\ccV1maQ3.ltrans0.ltrans.o
 *fill*         0x08000504        0xc 
 .text._unhandled_exception
                0x08000510        0x4 C:\Users\user\AppData\Local\Temp\ccV1maQ3.ltrans0.ltrans.o
 *fill*         0x08000514        0xc 
 .text.startup.main
                0x08000520      0x51c C:\Users\user\AppData\Local\Temp\ccV1maQ3.ltrans0.ltrans.o
                0x08000520                main
 *fill*         0x08000a3c        0x4 
 .text.__early_init
                0x08000a40       0xe0 C:\Users\user\AppData\Local\Temp\ccV1maQ3.ltrans0.ltrans.o
                0x08000a40                __early_init
 .text.chThdExit
                0x08000b20       0x7c C:\Users\user\AppData\Local\Temp\ccV1maQ3.ltrans0.ltrans.o
                0x08000b20                chThdExit
 *fill*         0x08000b9c        0x4 
 .text.chSchDoReschedule
                0x08000ba0       0x40 C:\Users\user\AppData\Local\Temp\ccV1maQ3.ltrans0.ltrans.o
                0x08000ba0                chSchDoReschedule
 .text.__init_ram_areas
                0x08000be0       0x60 C:\Users\user\AppData\Local\Temp\ccV1maQ3.ltrans0.ltrans.o
                0x08000be0                __init_ram_areas
 .text.__default_exit
                0x08000c40        0x4 C:\Users\user\AppData\Local\Temp\ccV1maQ3.ltrans0.ltrans.o
                0x08000c40                __default_exit
 *fill*         0x08000c44        0xc 
 .text.__late_init
                0x08000c50        0x4 C:\Users\user\AppData\Local\Temp\ccV1maQ3.ltrans0.ltrans.o
                0x08000c50                __late_init
 *fill*         0x08000c54        0xc 
 .text.__core_init
                0x08000c60        0x4 C:\Users\user\AppData\Local\Temp\ccV1maQ3.ltrans0.ltrans.o
                0x08000c60                __core_init
 *(.glue_7t)
 .glue_7t       0x08000c64        0x0 linker stubs
 *(.glue_7)
 .glue_7        0x08000c64        0x0 linker stubs
 *(.gcc*)

.vfp11_veneer   0x08000c64        0x0
 .vfp11_veneer  0x08000c64        0x0 linker stubs

.v4_bx          0x08000c64        0x0
 .v4_bx         0x08000c64        0x0 linker stubs

.iplt           0x08000c64        0x0
 .iplt          0x08000c64        0x0 build/obj/crt0_v7m.o

.rodata         0x08000c64       0xa0
                0x08000c64                . = ALIGN (0x4)
                0x08000c64                __rodata_base__ = .
 *(.rodata)
 *(.rodata.*)
 .rodata.ch_debug
                0x08000c64       0x16 C:\Users\user\AppData\Local\Temp\ccV1maQ3.ltrans0.ltrans.o
 *fill*         0x08000c7a        0x2 
 .rodata.main.str1.4
                0x08000c7c        0x8 C:\Users\user\AppData\Local\Temp\ccV1maQ3.ltrans0.ltrans.o
                                  0x5 (size before relaxing)
 .rodata.ram_areas
                0x08000c84       0x80 C:\Users\user\AppData\Local\Temp\ccV1maQ3.ltrans0.ltrans.o
                0x08000d04                . = ALIGN (0x4)
                0x08000d04                __rodata_end__ = .

.rel.dyn        0x08000d04        0x0
 .rel.iplt      0x08000d04        0x0 build/obj/crt0_v7m.o

.ARM.extab
 *(.ARM.extab* .gnu.linkonce.armextab.*)

.ARM.exidx      0x08000d04        0x0
                0x08000d04                __exidx_start = .
 *(.ARM.exidx* .gnu.linkonce.armexidx.*)
                0x08000d04                __exidx_end = .

.eh_frame_hdr
 *(.eh_frame_hdr)

.eh_frame
 *(.eh_frame)
                0x20000000                __ram0_start__ = ORIGIN (ram0)
                0x00018000                __ram0_size__ = LENGTH (ram0)
                0x20018000                __ram0_end__ = (__ram0_start__ + __ram0_size__)
                0x00000000                __ram1_start__ = ORIGIN (ram1)
                0x00000000                __ram1_size__ = LENGTH (ram1)
                0x00000000                __ram1_end__ = (__ram1_start__ + __ram1_size__)
                0x00000000                __ram2_start__ = ORIGIN (ram2)
                0x00000000                __ram2_size__ = LENGTH (ram2)
                0x00000000                __ram2_end__ = (__ram2_start__ + __ram2_size__)
                0x00000000                __ram3_start__ = ORIGIN (ram3)
                0x00000000                __ram3_size__ = LENGTH (ram3)
                0x00000000                __ram3_end__ = (__ram3_start__ + __ram3_size__)
                0x00000000                __ram4_start__ = ORIGIN (ram4)
                0x00000000                __ram4_size__ = LENGTH (ram4)
                0x00000000                __ram4_end__ = (__ram4_start__ + __ram4_size__)
                0x00000000                __ram5_start__ = ORIGIN (ram5)
                0x00000000                __ram5_size__ = LENGTH (ram5)
                0x00000000                __ram5_end__ = (__ram5_start__ + __ram5_size__)
                0x00000000                __ram6_start__ = ORIGIN (ram6)
                0x00000000                __ram6_size__ = LENGTH (ram6)
                0x00000000                __ram6_end__ = (__ram6_start__ + __ram6_size__)
                0x00000000                __ram7_start__ = ORIGIN (ram7)
                0x00000000                __ram7_size__ = LENGTH (ram7)
                0x00000000                __ram7_end__ = (__ram7_start__ + __ram7_size__)

.data           0x20000800       0x34 load address 0x08000d04
                0x20000800                . = ALIGN (0x4)
                [!provide]                PROVIDE (_textdata, LOADADDR (.data))
                [!provide]                PROVIDE (_data, .)
                0x08000d04                _textdata_start = LOADADDR (.data)
                0x20000800                _data_start = .
 *(.data)
 *(.data.*)
 .data.pwm1conf
                0x20000800       0x34 C:\Users\user\AppData\Local\Temp\ccV1maQ3.ltrans0.ltrans.o
 *(.ramtext)
                0x20000834                . = ALIGN (0x4)
                [!provide]                PROVIDE (_edata, .)
                0x20000834                _data_end = .

.igot.plt       0x20000834        0x0 load address 0x08000d38
 .igot.plt      0x20000834        0x0 build/obj/crt0_v7m.o

.bss            0x20000838      0x198 load address 0x08000d38
                0x20000838                . = ALIGN (0x4)
                0x20000838                _bss_start = .
 *(.bss)
 *(.bss.*)
 .bss.PWMD1     0x20000838       0x1c C:\Users\user\AppData\Local\Temp\ccV1maQ3.ltrans0.ltrans.o
 .bss.ch        0x20000854       0x78 C:\Users\user\AppData\Local\Temp\ccV1maQ3.ltrans0.ltrans.o
 *fill*         0x200008cc        0x4 
 .bss.ch_idle_thread_wa
                0x200008d0       0xd8 C:\Users\user\AppData\Local\Temp\ccV1maQ3.ltrans0.ltrans.o
 .bss.default_heap
                0x200009a8       0x20 C:\Users\user\AppData\Local\Temp\ccV1maQ3.ltrans0.ltrans.o
 .bss.endmem    0x200009c8        0x4 C:\Users\user\AppData\Local\Temp\ccV1maQ3.ltrans0.ltrans.o
 .bss.nextmem   0x200009cc        0x4 C:\Users\user\AppData\Local\Temp\ccV1maQ3.ltrans0.ltrans.o
 *(COMMON)
                0x200009d0                . = ALIGN (0x4)
                0x200009d0                _bss_end = .
                [!provide]                PROVIDE (end, .)

.ram0_init      0x200009d0        0x0 load address 0x08000d38
                0x200009d0                . = ALIGN (0x4)
                0x08000d38                __ram0_init_text__ = LOADADDR (.ram0_init)
                0x200009d0                __ram0_init__ = .
 *(.ram0_init)
 *(.ram0_init.*)
                0x200009d0                . = ALIGN (0x4)

.ram0           0x200009d0        0x0 load address 0x08000d38
                0x200009d0                . = ALIGN (0x4)
                0x200009d0                __ram0_clear__ = .
 *(.ram0_clear)
 *(.ram0_clear.*)
                0x200009d0                . = ALIGN (0x4)
                0x200009d0                __ram0_noinit__ = .
 *(.ram0)
 *(.ram0.*)
                0x200009d0                . = ALIGN (0x4)
                0x200009d0                __ram0_free__ = .

.ram1_init      0x00000000        0x0 load address 0x08000d38
                0x00000000                . = ALIGN (0x4)
                0x08000d38                __ram1_init_text__ = LOADADDR (.ram1_init)
                0x00000000                __ram1_init__ = .
 *(.ram1_init)
 *(.ram1_init.*)
                0x00000000                . = ALIGN (0x4)

.ram1           0x00000000        0x0 load address 0x08000d38
                0x00000000                . = ALIGN (0x4)
                0x00000000                __ram1_clear__ = .
 *(.ram1_clear)
 *(.ram1_clear.*)
                0x00000000                . = ALIGN (0x4)
                0x00000000                __ram1_noinit__ = .
 *(.ram1)
 *(.ram1.*)
                0x00000000                . = ALIGN (0x4)
                0x00000000                __ram1_free__ = .

.ram2_init      0x00000000        0x0 load address 0x08000d38
                0x00000000                . = ALIGN (0x4)
                0x08000d38                __ram2_init_text__ = LOADADDR (.ram2_init)
                0x00000000                __ram2_init__ = .
 *(.ram2_init)
 *(.ram2_init.*)
                0x00000000                . = ALIGN (0x4)

.ram2           0x00000000        0x0 load address 0x08000d38
                0x00000000                . = ALIGN (0x4)
                0x00000000                __ram2_clear__ = .
 *(.ram2_clear)
 *(.ram2_clear.*)
                0x00000000                . = ALIGN (0x4)
                0x00000000                __ram2_noinit__ = .
 *(.ram2)
 *(.ram2.*)
                0x00000000                . = ALIGN (0x4)
                0x00000000                __ram2_free__ = .

.ram3_init      0x00000000        0x0 load address 0x08000d38
                0x00000000                . = ALIGN (0x4)
                0x08000d38                __ram3_init_text__ = LOADADDR (.ram3_init)
                0x00000000                __ram3_init__ = .
 *(.ram3_init)
 *(.ram3_init.*)
                0x00000000                . = ALIGN (0x4)

.ram3           0x00000000        0x0 load address 0x08000d38
                0x00000000                . = ALIGN (0x4)
                0x00000000                __ram3_clear__ = .
 *(.ram3_clear)
 *(.ram3_clear.*)
                0x00000000                . = ALIGN (0x4)
                0x00000000                __ram3_noinit__ = .
 *(.ram3)
 *(.ram3.*)
                0x00000000                . = ALIGN (0x4)
                0x00000000                __ram3_free__ = .

.ram4_init      0x00000000        0x0 load address 0x08000d38
                0x00000000                . = ALIGN (0x4)
                0x08000d38                __ram4_init_text__ = LOADADDR (.ram4_init)
                0x00000000                __ram4_init__ = .
 *(.ram4_init)
 *(.ram4_init.*)
                0x00000000                . = ALIGN (0x4)

.ram4           0x00000000        0x0 load address 0x08000d38
                0x00000000                . = ALIGN (0x4)
                0x00000000                __ram4_clear__ = .
 *(.ram4_clear)
 *(.ram4_clear.*)
                0x00000000                . = ALIGN (0x4)
                0x00000000                __ram4_noinit__ = .
 *(.ram4)
 *(.ram4.*)
                0x00000000                . = ALIGN (0x4)
                0x00000000                __ram4_free__ = .

.ram5_init      0x00000000        0x0 load address 0x08000d38
                0x00000000                . = ALIGN (0x4)
                0x08000d38                __ram5_init_text__ = LOADADDR (.ram5_init)
                0x00000000                __ram5_init__ = .
 *(.ram5_init)
 *(.ram5_init.*)
                0x00000000                . = ALIGN (0x4)

.ram5           0x00000000        0x0 load address 0x08000d38
                0x00000000                . = ALIGN (0x4)
                0x00000000                __ram5_clear__ = .
 *(.ram5_clear)
 *(.ram5_clear.*)
                0x00000000                . = ALIGN (0x4)
                0x00000000                __ram5_noinit__ = .
 *(.ram5)
 *(.ram5.*)
                0x00000000                . = ALIGN (0x4)
                0x00000000                __ram5_free__ = .

.ram6_init      0x00000000        0x0 load address 0x08000d38
                0x00000000                . = ALIGN (0x4)
                0x08000d38                __ram6_init_text__ = LOADADDR (.ram6_init)
                0x00000000                __ram6_init__ = .
 *(.ram6_init)
 *(.ram6_init.*)
                0x00000000                . = ALIGN (0x4)

.ram6           0x00000000        0x0 load address 0x08000d38
                0x00000000                . = ALIGN (0x4)
                0x00000000                __ram6_clear__ = .
 *(.ram6_clear)
 *(.ram6_clear.*)
                0x00000000                . = ALIGN (0x4)
                0x00000000                __ram6_noinit__ = .
 *(.ram6)
 *(.ram6.*)
                0x00000000                . = ALIGN (0x4)
                0x00000000                __ram6_free__ = .

.ram7_init      0x00000000        0x0 load address 0x08000d38
                0x00000000                . = ALIGN (0x4)
                0x08000d38                __ram7_init_text__ = LOADADDR (.ram7_init)
                0x00000000                __ram7_init__ = .
 *(.ram7_init)
 *(.ram7_init.*)
                0x00000000                . = ALIGN (0x4)

.ram7           0x00000000        0x0 load address 0x08000d38
                0x00000000                . = ALIGN (0x4)
                0x00000000                __ram7_clear__ = .
 *(.ram7_clear)
 *(.ram7_clear.*)
                0x00000000                . = ALIGN (0x4)
                0x00000000                __ram7_noinit__ = .
 *(.ram7)
 *(.ram7.*)
                0x00000000                . = ALIGN (0x4)
                0x00000000                __ram7_free__ = .

.heap           0x200009d0    0x17630
                0x200009d0                . = ALIGN (0x8)
                0x200009d0                __heap_base__ = .
                0x20018000                . = (ORIGIN (HEAP_RAM) + LENGTH (HEAP_RAM))
 *fill*         0x200009d0    0x17630 
                0x20018000                __heap_end__ = .
                0x00000400                __process_stack_size__ = 0x400
                0x00000400                __main_stack_size__ = 0x400
START GROUP
LOAD c:/rtos/chibistudio/tools/gnu tools arm embedded/6.3 2017q1/bin/../lib/gcc/arm-none-eabi/6.3.1/thumb/v7e-m\libgcc.a
LOAD c:/rtos/chibistudio/tools/gnu tools arm embedded/6.3 2017q1/bin/../lib/gcc/arm-none-eabi/6.3.1/../../../../arm-none-eabi/lib/thumb/v7e-m\libg.a
LOAD c:/rtos/chibistudio/tools/gnu tools arm embedded/6.3 2017q1/bin/../lib/gcc/arm-none-eabi/6.3.1/../../../../arm-none-eabi/lib/thumb/v7e-m\libc.a
END GROUP
OUTPUT(build/ch.elf elf32-littlearm)

.ARM.attributes
                0x00000000       0x2d
 .ARM.attributes
                0x00000000       0x21 build/obj/crt0_v7m.o
 .ARM.attributes
                0x00000021       0x21 build/obj/chcoreasm_v7m.o
 .ARM.attributes
                0x00000042       0x31 C:\Users\user\AppData\Local\Temp\ccV1maQ3.ltrans0.ltrans.o

.comment        0x00000000       0x7f
 .comment       0x00000000       0x7f C:\Users\user\AppData\Local\Temp\ccV1maQ3.ltrans0.ltrans.o
                                 0x80 (size before relaxing)

.debug_info     0x00000000     0x2a11
 .debug_info    0x00000000     0x2a11 C:\Users\user\AppData\Local\Temp\ccV1maQ3.ltrans0.ltrans.o

.debug_abbrev   0x00000000      0x5ba
 .debug_abbrev  0x00000000      0x5ba C:\Users\user\AppData\Local\Temp\ccV1maQ3.ltrans0.ltrans.o

.debug_loc      0x00000000      0xb45
 .debug_loc     0x00000000      0xb45 C:\Users\user\AppData\Local\Temp\ccV1maQ3.ltrans0.ltrans.o

.debug_aranges  0x00000000       0x98
 .debug_aranges
                0x00000000       0x98 C:\Users\user\AppData\Local\Temp\ccV1maQ3.ltrans0.ltrans.o

.debug_ranges   0x00000000      0x870
 .debug_ranges  0x00000000      0x870 C:\Users\user\AppData\Local\Temp\ccV1maQ3.ltrans0.ltrans.o

.debug_line     0x00000000      0xe8d
 .debug_line    0x00000000      0xe8d C:\Users\user\AppData\Local\Temp\ccV1maQ3.ltrans0.ltrans.o

.debug_str      0x00000000      0xf4e
 .debug_str     0x00000000      0xf4e C:\Users\user\AppData\Local\Temp\ccV1maQ3.ltrans0.ltrans.o
                               0x1022 (size before relaxing)

.debug_frame    0x00000000      0x1f0
 .debug_frame   0x00000000      0x1f0 C:\Users\user\AppData\Local\Temp\ccV1maQ3.ltrans0.ltrans.o

Cross Reference Table

Symbol                                            File
BusFault_Handler                                  build/obj/vectors.o (symbol from plugin)
DebugMon_Handler                                  build/obj/vectors.o (symbol from plugin)
HardFault_Handler                                 build/obj/vectors.o (symbol from plugin)
MemManage_Handler                                 build/obj/vectors.o (symbol from plugin)
NMI_Handler                                       build/obj/vectors.o (symbol from plugin)
PWMD1                                             build/obj/hal_pwm_lld.o (symbol from plugin)
                                                  build/obj/main.o (symbol from plugin)
PendSV_Handler                                    build/obj/vectors.o (symbol from plugin)
Reset_Handler                                     build/obj/crt0_v7m.o
                                                  C:\Users\user\AppData\Local\Temp\ccV1maQ3.ltrans0.ltrans.o
                                                  build/obj/vectors.o (symbol from plugin)
SVC_Handler                                       build/obj/chcore_v7m.o (symbol from plugin)
                                                  build/obj/vectors.o (symbol from plugin)
SysTick_Handler                                   build/obj/vectors.o (symbol from plugin)
SystemCoreClock                                   build/obj/hal_lld.o (symbol from plugin)
UsageFault_Handler                                build/obj/vectors.o (symbol from plugin)
Vector100                                         build/obj/vectors.o (symbol from plugin)
Vector104                                         build/obj/vectors.o (symbol from plugin)
Vector108                                         build/obj/vectors.o (symbol from plugin)
Vector10C                                         build/obj/vectors.o (symbol from plugin)
Vector110                                         build/obj/vectors.o (symbol from plugin)
Vector114                                         build/obj/vectors.o (symbol from plugin)
Vector118                                         build/obj/vectors.o (symbol from plugin)
Vector11C                                         build/obj/vectors.o (symbol from plugin)
Vector120                                         build/obj/vectors.o (symbol from plugin)
Vector124                                         build/obj/vectors.o (symbol from plugin)
Vector128                                         build/obj/vectors.o (symbol from plugin)
Vector12C                                         build/obj/vectors.o (symbol from plugin)
Vector130                                         build/obj/vectors.o (symbol from plugin)
Vector134                                         build/obj/vectors.o (symbol from plugin)
Vector138                                         build/obj/vectors.o (symbol from plugin)
Vector13C                                         build/obj/vectors.o (symbol from plugin)
Vector140                                         build/obj/vectors.o (symbol from plugin)
Vector144                                         build/obj/vectors.o (symbol from plugin)
Vector148                                         build/obj/vectors.o (symbol from plugin)
Vector14C                                         build/obj/vectors.o (symbol from plugin)
Vector150                                         build/obj/vectors.o (symbol from plugin)
Vector154                                         build/obj/vectors.o (symbol from plugin)
Vector158                                         build/obj/vectors.o (symbol from plugin)
Vector15C                                         build/obj/vectors.o (symbol from plugin)
Vector160                                         build/obj/vectors.o (symbol from plugin)
Vector164                                         build/obj/vectors.o (symbol from plugin)
Vector168                                         build/obj/vectors.o (symbol from plugin)
Vector16C                                         build/obj/vectors.o (symbol from plugin)
Vector170                                         build/obj/vectors.o (symbol from plugin)
Vector174                                         build/obj/vectors.o (symbol from plugin)
Vector178                                         build/obj/vectors.o (symbol from plugin)
Vector17C                                         build/obj/vectors.o (symbol from plugin)
Vector180                                         build/obj/vectors.o (symbol from plugin)
Vector184                                         build/obj/vectors.o (symbol from plugin)
Vector188                                         build/obj/vectors.o (symbol from plugin)
Vector18C                                         build/obj/vectors.o (symbol from plugin)
Vector190                                         build/obj/vectors.o (symbol from plugin)
Vector194                                         build/obj/vectors.o (symbol from plugin)
Vector198                                         build/obj/vectors.o (symbol from plugin)
Vector19C                                         build/obj/vectors.o (symbol from plugin)
Vector1A0                                         build/obj/vectors.o (symbol from plugin)
Vector1A4                                         build/obj/vectors.o (symbol from plugin)
Vector1A8                                         build/obj/vectors.o (symbol from plugin)
Vector1AC                                         build/obj/vectors.o (symbol from plugin)
Vector1B0                                         build/obj/vectors.o (symbol from plugin)
Vector1B4                                         build/obj/vectors.o (symbol from plugin)
Vector1B8                                         build/obj/vectors.o (symbol from plugin)
Vector1BC                                         build/obj/vectors.o (symbol from plugin)
Vector1C                                          build/obj/vectors.o (symbol from plugin)
Vector20                                          build/obj/vectors.o (symbol from plugin)
Vector24                                          build/obj/vectors.o (symbol from plugin)
Vector28                                          build/obj/vectors.o (symbol from plugin)
Vector34                                          build/obj/vectors.o (symbol from plugin)
Vector40                                          build/obj/vectors.o (symbol from plugin)
Vector44                                          build/obj/vectors.o (symbol from plugin)
Vector48                                          build/obj/vectors.o (symbol from plugin)
Vector4C                                          build/obj/vectors.o (symbol from plugin)
Vector50                                          build/obj/vectors.o (symbol from plugin)
Vector54                                          build/obj/vectors.o (symbol from plugin)
Vector58                                          build/obj/vectors.o (symbol from plugin)
Vector5C                                          build/obj/vectors.o (symbol from plugin)
Vector60                                          build/obj/vectors.o (symbol from plugin)
Vector64                                          build/obj/vectors.o (symbol from plugin)
Vector68                                          build/obj/vectors.o (symbol from plugin)
Vector6C                                          build/obj/vectors.o (symbol from plugin)
Vector70                                          build/obj/vectors.o (symbol from plugin)
Vector74                                          build/obj/vectors.o (symbol from plugin)
Vector78                                          build/obj/vectors.o (symbol from plugin)
Vector7C                                          build/obj/vectors.o (symbol from plugin)
Vector80                                          build/obj/vectors.o (symbol from plugin)
Vector84                                          build/obj/vectors.o (symbol from plugin)
Vector88                                          build/obj/vectors.o (symbol from plugin)
Vector8C                                          build/obj/vectors.o (symbol from plugin)
Vector90                                          build/obj/vectors.o (symbol from plugin)
Vector94                                          build/obj/vectors.o (symbol from plugin)
Vector98                                          build/obj/vectors.o (symbol from plugin)
Vector9C                                          build/obj/vectors.o (symbol from plugin)
VectorA0                                          build/obj/vectors.o (symbol from plugin)
VectorA4                                          build/obj/hal_pwm_lld.o (symbol from plugin)
                                                  build/obj/vectors.o (symbol from plugin)
VectorA8                                          build/obj/vectors.o (symbol from plugin)
VectorAC                                          build/obj/hal_pwm_lld.o (symbol from plugin)
                                                  build/obj/vectors.o (symbol from plugin)
VectorB0                                          build/obj/hal_st_lld.o (symbol from plugin)
                                                  build/obj/vectors.o (symbol from plugin)
VectorB4                                          build/obj/vectors.o (symbol from plugin)
VectorB8                                          build/obj/vectors.o (symbol from plugin)
VectorBC                                          build/obj/vectors.o (symbol from plugin)
VectorC0                                          build/obj/vectors.o (symbol from plugin)
VectorC4                                          build/obj/vectors.o (symbol from plugin)
VectorC8                                          build/obj/vectors.o (symbol from plugin)
VectorCC                                          build/obj/vectors.o (symbol from plugin)
VectorD0                                          build/obj/vectors.o (symbol from plugin)
VectorD4                                          build/obj/vectors.o (symbol from plugin)
VectorD8                                          build/obj/vectors.o (symbol from plugin)
VectorDC                                          build/obj/vectors.o (symbol from plugin)
VectorE0                                          build/obj/vectors.o (symbol from plugin)
VectorE4                                          build/obj/vectors.o (symbol from plugin)
VectorE8                                          build/obj/vectors.o (symbol from plugin)
VectorEC                                          build/obj/vectors.o (symbol from plugin)
VectorF0                                          build/obj/vectors.o (symbol from plugin)
VectorF4                                          build/obj/vectors.o (symbol from plugin)
VectorF8                                          build/obj/vectors.o (symbol from plugin)
VectorFC                                          build/obj/vectors.o (symbol from plugin)
__core_init                                       C:\Users\user\AppData\Local\Temp\ccV1maQ3.ltrans0.ltrans.o
                                                  build/obj/crt1.o (symbol from plugin)
                                                  build/obj/crt0_v7m.o
__default_exit                                    C:\Users\user\AppData\Local\Temp\ccV1maQ3.ltrans0.ltrans.o
                                                  build/obj/crt1.o (symbol from plugin)
                                                  build/obj/crt0_v7m.o
__early_init                                      C:\Users\user\AppData\Local\Temp\ccV1maQ3.ltrans0.ltrans.o
                                                  build/obj/board.o (symbol from plugin)
                                                  build/obj/crt1.o (symbol from plugin)
                                                  build/obj/crt0_v7m.o
__fini_array_end                                  build/obj/crt0_v7m.o
__fini_array_start                                build/obj/crt0_v7m.o
__heap_base__                                     C:\Users\user\AppData\Local\Temp\ccV1maQ3.ltrans0.ltrans.o
                                                  build/obj/chmemcore.o (symbol from plugin)
__heap_end__                                      C:\Users\user\AppData\Local\Temp\ccV1maQ3.ltrans0.ltrans.o
                                                  build/obj/chmemcore.o (symbol from plugin)
__init_array_end                                  build/obj/crt0_v7m.o
__init_array_start                                build/obj/crt0_v7m.o
__init_ram_areas                                  C:\Users\user\AppData\Local\Temp\ccV1maQ3.ltrans0.ltrans.o
                                                  build/obj/crt1.o (symbol from plugin)
                                                  build/obj/crt0_v7m.o
__late_init                                       C:\Users\user\AppData\Local\Temp\ccV1maQ3.ltrans0.ltrans.o
                                                  build/obj/crt1.o (symbol from plugin)
                                                  build/obj/crt0_v7m.o
__main_stack_base__                               build/obj/crt0_v7m.o
__main_stack_end__                                C:\Users\user\AppData\Local\Temp\ccV1maQ3.ltrans0.ltrans.o
                                                  build/obj/vectors.o (symbol from plugin)
                                                  build/obj/crt0_v7m.o
__process_stack_base__                            build/obj/crt0_v7m.o
__process_stack_end__                             build/obj/crt0_v7m.o
__ram0_clear__                                    C:\Users\user\AppData\Local\Temp\ccV1maQ3.ltrans0.ltrans.o
                                                  build/obj/crt1.o (symbol from plugin)
__ram0_init__                                     C:\Users\user\AppData\Local\Temp\ccV1maQ3.ltrans0.ltrans.o
                                                  build/obj/crt1.o (symbol from plugin)
__ram0_init_text__                                C:\Users\user\AppData\Local\Temp\ccV1maQ3.ltrans0.ltrans.o
                                                  build/obj/crt1.o (symbol from plugin)
__ram0_noinit__                                   C:\Users\user\AppData\Local\Temp\ccV1maQ3.ltrans0.ltrans.o
                                                  build/obj/crt1.o (symbol from plugin)
__ram1_clear__                                    C:\Users\user\AppData\Local\Temp\ccV1maQ3.ltrans0.ltrans.o
                                                  build/obj/crt1.o (symbol from plugin)
__ram1_init__                                     C:\Users\user\AppData\Local\Temp\ccV1maQ3.ltrans0.ltrans.o
                                                  build/obj/crt1.o (symbol from plugin)
__ram1_init_text__                                C:\Users\user\AppData\Local\Temp\ccV1maQ3.ltrans0.ltrans.o
                                                  build/obj/crt1.o (symbol from plugin)
__ram1_noinit__                                   C:\Users\user\AppData\Local\Temp\ccV1maQ3.ltrans0.ltrans.o
                                                  build/obj/crt1.o (symbol from plugin)
__ram2_clear__                                    C:\Users\user\AppData\Local\Temp\ccV1maQ3.ltrans0.ltrans.o
                                                  build/obj/crt1.o (symbol from plugin)
__ram2_init__                                     C:\Users\user\AppData\Local\Temp\ccV1maQ3.ltrans0.ltrans.o
                                                  build/obj/crt1.o (symbol from plugin)
__ram2_init_text__                                C:\Users\user\AppData\Local\Temp\ccV1maQ3.ltrans0.ltrans.o
                                                  build/obj/crt1.o (symbol from plugin)
__ram2_noinit__                                   C:\Users\user\AppData\Local\Temp\ccV1maQ3.ltrans0.ltrans.o
                                                  build/obj/crt1.o (symbol from plugin)
__ram3_clear__                                    C:\Users\user\AppData\Local\Temp\ccV1maQ3.ltrans0.ltrans.o
                                                  build/obj/crt1.o (symbol from plugin)
__ram3_init__                                     C:\Users\user\AppData\Local\Temp\ccV1maQ3.ltrans0.ltrans.o
                                                  build/obj/crt1.o (symbol from plugin)
__ram3_init_text__                                C:\Users\user\AppData\Local\Temp\ccV1maQ3.ltrans0.ltrans.o
                                                  build/obj/crt1.o (symbol from plugin)
__ram3_noinit__                                   C:\Users\user\AppData\Local\Temp\ccV1maQ3.ltrans0.ltrans.o
                                                  build/obj/crt1.o (symbol from plugin)
__ram4_clear__                                    C:\Users\user\AppData\Local\Temp\ccV1maQ3.ltrans0.ltrans.o
                                                  build/obj/crt1.o (symbol from plugin)
__ram4_init__                                     C:\Users\user\AppData\Local\Temp\ccV1maQ3.ltrans0.ltrans.o
                                                  build/obj/crt1.o (symbol from plugin)
__ram4_init_text__                                C:\Users\user\AppData\Local\Temp\ccV1maQ3.ltrans0.ltrans.o
                                                  build/obj/crt1.o (symbol from plugin)
__ram4_noinit__                                   C:\Users\user\AppData\Local\Temp\ccV1maQ3.ltrans0.ltrans.o
                                                  build/obj/crt1.o (symbol from plugin)
__ram5_clear__                                    C:\Users\user\AppData\Local\Temp\ccV1maQ3.ltrans0.ltrans.o
                                                  build/obj/crt1.o (symbol from plugin)
__ram5_init__                                     C:\Users\user\AppData\Local\Temp\ccV1maQ3.ltrans0.ltrans.o
                                                  build/obj/crt1.o (symbol from plugin)
__ram5_init_text__                                C:\Users\user\AppData\Local\Temp\ccV1maQ3.ltrans0.ltrans.o
                                                  build/obj/crt1.o (symbol from plugin)
__ram5_noinit__                                   C:\Users\user\AppData\Local\Temp\ccV1maQ3.ltrans0.ltrans.o
                                                  build/obj/crt1.o (symbol from plugin)
__ram6_clear__                                    C:\Users\user\AppData\Local\Temp\ccV1maQ3.ltrans0.ltrans.o
                                                  build/obj/crt1.o (symbol from plugin)
__ram6_init__                                     C:\Users\user\AppData\Local\Temp\ccV1maQ3.ltrans0.ltrans.o
                                                  build/obj/crt1.o (symbol from plugin)
__ram6_init_text__                                C:\Users\user\AppData\Local\Temp\ccV1maQ3.ltrans0.ltrans.o
                                                  build/obj/crt1.o (symbol from plugin)
__ram6_noinit__                                   C:\Users\user\AppData\Local\Temp\ccV1maQ3.ltrans0.ltrans.o
                                                  build/obj/crt1.o (symbol from plugin)
__ram7_clear__                                    C:\Users\user\AppData\Local\Temp\ccV1maQ3.ltrans0.ltrans.o
                                                  build/obj/crt1.o (symbol from plugin)
__ram7_init__                                     C:\Users\user\AppData\Local\Temp\ccV1maQ3.ltrans0.ltrans.o
                                                  build/obj/crt1.o (symbol from plugin)
__ram7_init_text__                                C:\Users\user\AppData\Local\Temp\ccV1maQ3.ltrans0.ltrans.o
                                                  build/obj/crt1.o (symbol from plugin)
__ram7_noinit__                                   C:\Users\user\AppData\Local\Temp\ccV1maQ3.ltrans0.ltrans.o
                                                  build/obj/crt1.o (symbol from plugin)
_bss_end                                          build/obj/crt0_v7m.o
_bss_start                                        build/obj/crt0_v7m.o
_core_init                                        build/obj/chmemcore.o (symbol from plugin)
                                                  build/obj/chsys.o (symbol from plugin)
_data_end                                         build/obj/crt0_v7m.o
_data_start                                       build/obj/crt0_v7m.o
_heap_init                                        build/obj/chheap.o (symbol from plugin)
                                                  build/obj/chsys.o (symbol from plugin)
_pal_lld_init                                     build/obj/hal_pal_lld.o (symbol from plugin)
                                                  build/obj/hal.o (symbol from plugin)
_pal_lld_setgroupmode                             build/obj/hal_pal_lld.o (symbol from plugin)
                                                  build/obj/main.o (symbol from plugin)
                                                  build/obj/hal_pal.o (symbol from plugin)
_port_exit_from_isr                               build/obj/chcoreasm_v7m.o
                                                  C:\Users\user\AppData\Local\Temp\ccV1maQ3.ltrans0.ltrans.o
                                                  build/obj/chcore_v7m.o (symbol from plugin)
_port_irq_epilogue                                build/obj/chcore_v7m.o (symbol from plugin)
                                                  build/obj/hal_pwm_lld.o (symbol from plugin)
                                                  build/obj/hal_st_lld.o (symbol from plugin)
_port_switch                                      build/obj/chcoreasm_v7m.o
                                                  C:\Users\user\AppData\Local\Temp\ccV1maQ3.ltrans0.ltrans.o
                                                  build/obj/chschd.o (symbol from plugin)
_port_switch_from_isr                             build/obj/chcoreasm_v7m.o
                                                  C:\Users\user\AppData\Local\Temp\ccV1maQ3.ltrans0.ltrans.o
                                                  build/obj/chcore_v7m.o (symbol from plugin)
_port_thread_start                                build/obj/chcoreasm_v7m.o
                                                  C:\Users\user\AppData\Local\Temp\ccV1maQ3.ltrans0.ltrans.o
                                                  build/obj/chthreads.o (symbol from plugin)
_scheduler_init                                   build/obj/chschd.o (symbol from plugin)
                                                  build/obj/chsys.o (symbol from plugin)
_textdata_start                                   build/obj/crt0_v7m.o
_thread_init                                      build/obj/chthreads.o (symbol from plugin)
                                                  build/obj/chsys.o (symbol from plugin)
_tm_init                                          build/obj/chtm.o (symbol from plugin)
                                                  build/obj/chsys.o (symbol from plugin)
_unhandled_exception                              build/obj/vectors.o (symbol from plugin)
_vectors                                          C:\Users\user\AppData\Local\Temp\ccV1maQ3.ltrans0.ltrans.o
                                                  build/obj/vectors.o (symbol from plugin)
                                                  build/obj/crt0_v7m.o
_vt_init                                          build/obj/chvt.o (symbol from plugin)
                                                  build/obj/chsys.o (symbol from plugin)
boardInit                                         build/obj/board.o (symbol from plugin)
                                                  build/obj/hal.o (symbol from plugin)
ch                                                build/obj/chschd.o (symbol from plugin)
                                                  build/obj/chmsg.o (symbol from plugin)
                                                  build/obj/chevents.o (symbol from plugin)
                                                  build/obj/chcond.o (symbol from plugin)
                                                  build/obj/chmtx.o (symbol from plugin)
                                                  build/obj/chsem.o (symbol from plugin)
                                                  build/obj/chregistry.o (symbol from plugin)
                                                  build/obj/chtm.o (symbol from plugin)
                                                  build/obj/chthreads.o (symbol from plugin)
                                                  build/obj/chvt.o (symbol from plugin)
                                                  build/obj/chsys.o (symbol from plugin)
chCondBroadcast                                   build/obj/chcond.o (symbol from plugin)
chCondBroadcastI                                  build/obj/chcond.o (symbol from plugin)
chCondObjectInit                                  build/obj/chcond.o (symbol from plugin)
chCondSignal                                      build/obj/chcond.o (symbol from plugin)
chCondSignalI                                     build/obj/chcond.o (symbol from plugin)
chCondWait                                        build/obj/chcond.o (symbol from plugin)
chCondWaitS                                       build/obj/chcond.o (symbol from plugin)
chCondWaitTimeout                                 build/obj/chcond.o (symbol from plugin)
chCondWaitTimeoutS                                build/obj/chcond.o (symbol from plugin)
chCoreAllocAligned                                build/obj/chmemcore.o (symbol from plugin)
                                                  build/obj/chheap.o (symbol from plugin)
chCoreAllocAlignedI                               build/obj/chmemcore.o (symbol from plugin)
chCoreGetStatusX                                  build/obj/chmemcore.o (symbol from plugin)
chEvtAddEvents                                    build/obj/chevents.o (symbol from plugin)
chEvtBroadcastFlags                               build/obj/chevents.o (symbol from plugin)
chEvtBroadcastFlagsI                              build/obj/chevents.o (symbol from plugin)
chEvtDispatch                                     build/obj/chevents.o (symbol from plugin)
chEvtGetAndClearEvents                            build/obj/chevents.o (symbol from plugin)
chEvtGetAndClearFlags                             build/obj/chevents.o (symbol from plugin)
chEvtGetAndClearFlagsI                            build/obj/chevents.o (symbol from plugin)
chEvtRegisterMaskWithFlags                        build/obj/chevents.o (symbol from plugin)
chEvtSignal                                       build/obj/chevents.o (symbol from plugin)
chEvtSignalI                                      build/obj/chevents.o (symbol from plugin)
chEvtUnregister                                   build/obj/chevents.o (symbol from plugin)
chEvtWaitAll                                      build/obj/chevents.o (symbol from plugin)
chEvtWaitAllTimeout                               build/obj/chevents.o (symbol from plugin)
chEvtWaitAny                                      build/obj/chevents.o (symbol from plugin)
chEvtWaitAnyTimeout                               build/obj/chevents.o (symbol from plugin)
chEvtWaitOne                                      build/obj/chevents.o (symbol from plugin)
chEvtWaitOneTimeout                               build/obj/chevents.o (symbol from plugin)
chGuardedPoolAllocTimeout                         build/obj/chmempools.o (symbol from plugin)
chGuardedPoolAllocTimeoutS                        build/obj/chmempools.o (symbol from plugin)
chGuardedPoolFree                                 build/obj/chmempools.o (symbol from plugin)
chGuardedPoolFreeI                                build/obj/chmempools.o (symbol from plugin)
chGuardedPoolLoadArray                            build/obj/chmempools.o (symbol from plugin)
chGuardedPoolObjectInit                           build/obj/chmempools.o (symbol from plugin)
chHeapAllocAligned                                build/obj/chheap.o (symbol from plugin)
                                                  build/obj/chdynamic.o (symbol from plugin)
chHeapFree                                        build/obj/chheap.o (symbol from plugin)
                                                  build/obj/chthreads.o (symbol from plugin)
chHeapObjectInit                                  build/obj/chheap.o (symbol from plugin)
chHeapStatus                                      build/obj/chheap.o (symbol from plugin)
chMBFetch                                         build/obj/chmboxes.o (symbol from plugin)
chMBFetchI                                        build/obj/chmboxes.o (symbol from plugin)
chMBFetchS                                        build/obj/chmboxes.o (symbol from plugin)
chMBObjectInit                                    build/obj/chmboxes.o (symbol from plugin)
chMBPost                                          build/obj/chmboxes.o (symbol from plugin)
chMBPostAhead                                     build/obj/chmboxes.o (symbol from plugin)
chMBPostAheadI                                    build/obj/chmboxes.o (symbol from plugin)
chMBPostAheadS                                    build/obj/chmboxes.o (symbol from plugin)
chMBPostI                                         build/obj/chmboxes.o (symbol from plugin)
chMBPostS                                         build/obj/chmboxes.o (symbol from plugin)
chMBReset                                         build/obj/chmboxes.o (symbol from plugin)
chMBResetI                                        build/obj/chmboxes.o (symbol from plugin)
chMsgRelease                                      build/obj/chmsg.o (symbol from plugin)
chMsgSend                                         build/obj/chmsg.o (symbol from plugin)
chMsgWait                                         build/obj/chmsg.o (symbol from plugin)
chMtxLock                                         build/obj/chmtx.o (symbol from plugin)
                                                  build/obj/chheap.o (symbol from plugin)
chMtxLockS                                        build/obj/chmtx.o (symbol from plugin)
                                                  build/obj/chcond.o (symbol from plugin)
chMtxObjectInit                                   build/obj/chmtx.o (symbol from plugin)
                                                  build/obj/chheap.o (symbol from plugin)
chMtxTryLock                                      build/obj/chmtx.o (symbol from plugin)
chMtxTryLockS                                     build/obj/chmtx.o (symbol from plugin)
chMtxUnlock                                       build/obj/chmtx.o (symbol from plugin)
                                                  build/obj/chheap.o (symbol from plugin)
chMtxUnlockAll                                    build/obj/chmtx.o (symbol from plugin)
chMtxUnlockAllS                                   build/obj/chmtx.o (symbol from plugin)
chMtxUnlockS                                      build/obj/chmtx.o (symbol from plugin)
                                                  build/obj/chcond.o (symbol from plugin)
chPoolAlloc                                       build/obj/chmempools.o (symbol from plugin)
                                                  build/obj/chdynamic.o (symbol from plugin)
chPoolAllocI                                      build/obj/chmempools.o (symbol from plugin)
chPoolFree                                        build/obj/chmempools.o (symbol from plugin)
                                                  build/obj/chthreads.o (symbol from plugin)
chPoolFreeI                                       build/obj/chmempools.o (symbol from plugin)
chPoolLoadArray                                   build/obj/chmempools.o (symbol from plugin)
chPoolObjectInit                                  build/obj/chmempools.o (symbol from plugin)
chRegFindThreadByName                             build/obj/chregistry.o (symbol from plugin)
chRegFindThreadByPointer                          build/obj/chregistry.o (symbol from plugin)
chRegFindThreadByWorkingArea                      build/obj/chregistry.o (symbol from plugin)
chRegFirstThread                                  build/obj/chregistry.o (symbol from plugin)
chRegNextThread                                   build/obj/chregistry.o (symbol from plugin)
chSchDoReschedule                                 C:\Users\user\AppData\Local\Temp\ccV1maQ3.ltrans0.ltrans.o
                                                  build/obj/chschd.o (symbol from plugin)
                                                  build/obj/chcoreasm_v7m.o
chSchDoRescheduleAhead                            build/obj/chschd.o (symbol from plugin)
chSchDoRescheduleBehind                           build/obj/chschd.o (symbol from plugin)
                                                  build/obj/chthreads.o (symbol from plugin)
chSchGoSleepS                                     build/obj/chschd.o (symbol from plugin)
                                                  build/obj/chmsg.o (symbol from plugin)
                                                  build/obj/chevents.o (symbol from plugin)
                                                  build/obj/chcond.o (symbol from plugin)
                                                  build/obj/chmtx.o (symbol from plugin)
                                                  build/obj/chsem.o (symbol from plugin)
                                                  build/obj/chthreads.o (symbol from plugin)
chSchGoSleepTimeoutS                              build/obj/chschd.o (symbol from plugin)
                                                  build/obj/chevents.o (symbol from plugin)
                                                  build/obj/chcond.o (symbol from plugin)
                                                  build/obj/chsem.o (symbol from plugin)
                                                  build/obj/chthreads.o (symbol from plugin)
chSchIsPreemptionRequired                         build/obj/chschd.o (symbol from plugin)
                                                  build/obj/chcore_v7m.o (symbol from plugin)
chSchReadyAheadI                                  build/obj/chschd.o (symbol from plugin)
chSchReadyI                                       build/obj/chschd.o (symbol from plugin)
                                                  build/obj/chmsg.o (symbol from plugin)
                                                  build/obj/chevents.o (symbol from plugin)
                                                  build/obj/chcond.o (symbol from plugin)
                                                  build/obj/chmtx.o (symbol from plugin)
                                                  build/obj/chsem.o (symbol from plugin)
                                                  build/obj/chthreads.o (symbol from plugin)
chSchRescheduleS                                  build/obj/chschd.o (symbol from plugin)
                                                  build/obj/chmempools.o (symbol from plugin)
                                                  build/obj/chmboxes.o (symbol from plugin)
                                                  build/obj/chevents.o (symbol from plugin)
                                                  build/obj/chcond.o (symbol from plugin)
                                                  build/obj/chmtx.o (symbol from plugin)
                                                  build/obj/chsem.o (symbol from plugin)
                                                  build/obj/chthreads.o (symbol from plugin)
                                                  build/obj/chsys.o (symbol from plugin)
chSchWakeupS                                      build/obj/chschd.o (symbol from plugin)
                                                  build/obj/chdynamic.o (symbol from plugin)
                                                  build/obj/chmsg.o (symbol from plugin)
                                                  build/obj/chcond.o (symbol from plugin)
                                                  build/obj/chsem.o (symbol from plugin)
                                                  build/obj/chthreads.o (symbol from plugin)
chSemAddCounterI                                  build/obj/chsem.o (symbol from plugin)
chSemObjectInit                                   build/obj/chsem.o (symbol from plugin)
                                                  build/obj/chmempools.o (symbol from plugin)
chSemReset                                        build/obj/chsem.o (symbol from plugin)
chSemResetI                                       build/obj/chsem.o (symbol from plugin)
chSemSignal                                       build/obj/chsem.o (symbol from plugin)
chSemSignalI                                      build/obj/chsem.o (symbol from plugin)
                                                  build/obj/chmempools.o (symbol from plugin)
chSemSignalWait                                   build/obj/chsem.o (symbol from plugin)
chSemWait                                         build/obj/chsem.o (symbol from plugin)
chSemWaitS                                        build/obj/chsem.o (symbol from plugin)
chSemWaitTimeout                                  build/obj/chsem.o (symbol from plugin)
chSemWaitTimeoutS                                 build/obj/chsem.o (symbol from plugin)
                                                  build/obj/chmempools.o (symbol from plugin)
chSysGetStatusAndLockX                            build/obj/chsys.o (symbol from plugin)
chSysHalt                                         build/obj/chsys.o (symbol from plugin)
chSysInit                                         build/obj/chsys.o (symbol from plugin)
                                                  build/obj/main.o (symbol from plugin)
chSysIntegrityCheckI                              build/obj/chsys.o (symbol from plugin)
chSysIsCounterWithinX                             build/obj/chsys.o (symbol from plugin)
chSysPolledDelayX                                 build/obj/chsys.o (symbol from plugin)
chSysRestoreStatusX                               build/obj/chsys.o (symbol from plugin)
chSysTimerHandlerI                                build/obj/chsys.o (symbol from plugin)
                                                  build/obj/hal_st_lld.o (symbol from plugin)
chTMChainMeasurementToX                           build/obj/chtm.o (symbol from plugin)
chTMObjectInit                                    build/obj/chtm.o (symbol from plugin)
chTMStartMeasurementX                             build/obj/chtm.o (symbol from plugin)
chTMStopMeasurementX                              build/obj/chtm.o (symbol from plugin)
chThdAddRef                                       build/obj/chthreads.o (symbol from plugin)
chThdCreate                                       build/obj/chthreads.o (symbol from plugin)
                                                  build/obj/chsys.o (symbol from plugin)
chThdCreateFromHeap                               build/obj/chdynamic.o (symbol from plugin)
chThdCreateFromMemoryPool                         build/obj/chdynamic.o (symbol from plugin)
chThdCreateI                                      build/obj/chthreads.o (symbol from plugin)
chThdCreateStatic                                 build/obj/chthreads.o (symbol from plugin)
chThdCreateSuspended                              build/obj/chthreads.o (symbol from plugin)
chThdCreateSuspendedI                             build/obj/chthreads.o (symbol from plugin)
                                                  build/obj/chdynamic.o (symbol from plugin)
chThdDequeueAllI                                  build/obj/chthreads.o (symbol from plugin)
                                                  build/obj/hal_queues.o (symbol from plugin)
                                                  build/obj/hal_buffers.o (symbol from plugin)
                                                  build/obj/chmboxes.o (symbol from plugin)
chThdDequeueNextI                                 build/obj/chthreads.o (symbol from plugin)
                                                  build/obj/hal_queues.o (symbol from plugin)
                                                  build/obj/hal_buffers.o (symbol from plugin)
                                                  build/obj/chmboxes.o (symbol from plugin)
chThdEnqueueTimeoutS                              build/obj/chthreads.o (symbol from plugin)
                                                  build/obj/hal_queues.o (symbol from plugin)
                                                  build/obj/hal_buffers.o (symbol from plugin)
                                                  build/obj/chmboxes.o (symbol from plugin)
chThdExit                                         C:\Users\user\AppData\Local\Temp\ccV1maQ3.ltrans0.ltrans.o
                                                  build/obj/chthreads.o (symbol from plugin)
                                                  build/obj/chcoreasm_v7m.o
chThdExitS                                        build/obj/chthreads.o (symbol from plugin)
chThdRelease                                      build/obj/chthreads.o (symbol from plugin)
                                                  build/obj/chregistry.o (symbol from plugin)
chThdResume                                       build/obj/chthreads.o (symbol from plugin)
chThdResumeI                                      build/obj/chthreads.o (symbol from plugin)
chThdResumeS                                      build/obj/chthreads.o (symbol from plugin)
chThdSetPriority                                  build/obj/chthreads.o (symbol from plugin)
chThdSleep                                        build/obj/chthreads.o (symbol from plugin)
chThdSleepUntil                                   build/obj/chthreads.o (symbol from plugin)
chThdSleepUntilWindowed                           build/obj/chthreads.o (symbol from plugin)
chThdStart                                        build/obj/chthreads.o (symbol from plugin)
chThdSuspendS                                     build/obj/chthreads.o (symbol from plugin)
chThdSuspendTimeoutS                              build/obj/chthreads.o (symbol from plugin)
chThdTerminate                                    build/obj/chthreads.o (symbol from plugin)
chThdWait                                         build/obj/chthreads.o (symbol from plugin)
chThdYield                                        build/obj/chthreads.o (symbol from plugin)
chVTDoResetI                                      build/obj/chvt.o (symbol from plugin)
                                                  build/obj/chschd.o (symbol from plugin)
chVTDoSetI                                        build/obj/chvt.o (symbol from plugin)
                                                  build/obj/chschd.o (symbol from plugin)
ch_debug                                          build/obj/chregistry.o (symbol from plugin)
                                                  build/obj/chsys.o (symbol from plugin)
ch_idle_thread_wa                                 build/obj/chsys.o (symbol from plugin)
chprintf                                          build/obj/chprintf.o (symbol from plugin)
chsnprintf                                        build/obj/chprintf.o (symbol from plugin)
chvprintf                                         build/obj/chprintf.o (symbol from plugin)
halInit                                           build/obj/hal.o (symbol from plugin)
                                                  build/obj/main.o (symbol from plugin)
hal_lld_init                                      build/obj/hal_lld.o (symbol from plugin)
                                                  build/obj/hal.o (symbol from plugin)
ibqGetEmptyBufferI                                build/obj/hal_buffers.o (symbol from plugin)
ibqGetFullBufferTimeout                           build/obj/hal_buffers.o (symbol from plugin)
ibqGetFullBufferTimeoutS                          build/obj/hal_buffers.o (symbol from plugin)
ibqGetTimeout                                     build/obj/hal_buffers.o (symbol from plugin)
ibqObjectInit                                     build/obj/hal_buffers.o (symbol from plugin)
ibqPostFullBufferI                                build/obj/hal_buffers.o (symbol from plugin)
ibqReadTimeout                                    build/obj/hal_buffers.o (symbol from plugin)
ibqReleaseEmptyBuffer                             build/obj/hal_buffers.o (symbol from plugin)
ibqReleaseEmptyBufferS                            build/obj/hal_buffers.o (symbol from plugin)
ibqResetI                                         build/obj/hal_buffers.o (symbol from plugin)
iqGetTimeout                                      build/obj/hal_queues.o (symbol from plugin)
iqObjectInit                                      build/obj/hal_queues.o (symbol from plugin)
iqPutI                                            build/obj/hal_queues.o (symbol from plugin)
iqReadTimeout                                     build/obj/hal_queues.o (symbol from plugin)
iqResetI                                          build/obj/hal_queues.o (symbol from plugin)
main                                              C:\Users\user\AppData\Local\Temp\ccV1maQ3.ltrans0.ltrans.o
                                                  build/obj/main.o (symbol from plugin)
                                                  build/obj/crt0_v7m.o
msObjectInit                                      build/obj/memstreams.o (symbol from plugin)
                                                  build/obj/chprintf.o (symbol from plugin)
nullObjectInit                                    build/obj/nullstreams.o (symbol from plugin)
nvicClearPending                                  build/obj/nvic.o (symbol from plugin)
nvicDisableVector                                 build/obj/nvic.o (symbol from plugin)
                                                  build/obj/hal_pwm_lld.o (symbol from plugin)
nvicEnableVector                                  build/obj/nvic.o (symbol from plugin)
                                                  build/obj/hal_pwm_lld.o (symbol from plugin)
                                                  build/obj/hal_st_lld.o (symbol from plugin)
nvicSetSystemHandlerPriority                      build/obj/nvic.o (symbol from plugin)
obqFlush                                          build/obj/hal_buffers.o (symbol from plugin)
obqGetEmptyBufferTimeout                          build/obj/hal_buffers.o (symbol from plugin)
obqGetEmptyBufferTimeoutS                         build/obj/hal_buffers.o (symbol from plugin)
obqGetFullBufferI                                 build/obj/hal_buffers.o (symbol from plugin)
obqObjectInit                                     build/obj/hal_buffers.o (symbol from plugin)
obqPostFullBuffer                                 build/obj/hal_buffers.o (symbol from plugin)
obqPostFullBufferS                                build/obj/hal_buffers.o (symbol from plugin)
obqPutTimeout                                     build/obj/hal_buffers.o (symbol from plugin)
obqReleaseEmptyBufferI                            build/obj/hal_buffers.o (symbol from plugin)
obqResetI                                         build/obj/hal_buffers.o (symbol from plugin)
obqTryFlushI                                      build/obj/hal_buffers.o (symbol from plugin)
obqWriteTimeout                                   build/obj/hal_buffers.o (symbol from plugin)
oqGetI                                            build/obj/hal_queues.o (symbol from plugin)
oqObjectInit                                      build/obj/hal_queues.o (symbol from plugin)
oqPutTimeout                                      build/obj/hal_queues.o (symbol from plugin)
oqResetI                                          build/obj/hal_queues.o (symbol from plugin)
oqWriteTimeout                                    build/obj/hal_queues.o (symbol from plugin)
palReadBus                                        build/obj/hal_pal.o (symbol from plugin)
palSetBusMode                                     build/obj/hal_pal.o (symbol from plugin)
palWriteBus                                       build/obj/hal_pal.o (symbol from plugin)
pal_default_config                                build/obj/board.o (symbol from plugin)
                                                  build/obj/hal.o (symbol from plugin)
pwm1conf                                          build/obj/main.o (symbol from plugin)
pwmChangePeriod                                   build/obj/hal_pwm.o (symbol from plugin)
pwmDisableChannel                                 build/obj/hal_pwm.o (symbol from plugin)
pwmDisableChannelNotification                     build/obj/hal_pwm.o (symbol from plugin)
pwmDisablePeriodicNotification                    build/obj/hal_pwm.o (symbol from plugin)
pwmEnableChannel                                  build/obj/hal_pwm.o (symbol from plugin)
                                                  build/obj/main.o (symbol from plugin)
pwmEnableChannelNotification                      build/obj/hal_pwm.o (symbol from plugin)
pwmEnablePeriodicNotification                     build/obj/hal_pwm.o (symbol from plugin)
pwmInit                                           build/obj/hal_pwm.o (symbol from plugin)
                                                  build/obj/hal.o (symbol from plugin)
pwmObjectInit                                     build/obj/hal_pwm.o (symbol from plugin)
                                                  build/obj/hal_pwm_lld.o (symbol from plugin)
pwmStart                                          build/obj/hal_pwm.o (symbol from plugin)
                                                  build/obj/main.o (symbol from plugin)
pwmStop                                           build/obj/hal_pwm.o (symbol from plugin)
pwm_lld_disable_channel                           build/obj/hal_pwm_lld.o (symbol from plugin)
                                                  build/obj/hal_pwm.o (symbol from plugin)
pwm_lld_disable_channel_notification              build/obj/hal_pwm_lld.o (symbol from plugin)
                                                  build/obj/hal_pwm.o (symbol from plugin)
pwm_lld_disable_periodic_notification             build/obj/hal_pwm_lld.o (symbol from plugin)
                                                  build/obj/hal_pwm.o (symbol from plugin)
pwm_lld_enable_channel                            build/obj/hal_pwm_lld.o (symbol from plugin)
                                                  build/obj/hal_pwm.o (symbol from plugin)
pwm_lld_enable_channel_notification               build/obj/hal_pwm_lld.o (symbol from plugin)
                                                  build/obj/hal_pwm.o (symbol from plugin)
pwm_lld_enable_periodic_notification              build/obj/hal_pwm_lld.o (symbol from plugin)
                                                  build/obj/hal_pwm.o (symbol from plugin)
pwm_lld_init                                      build/obj/hal_pwm_lld.o (symbol from plugin)
                                                  build/obj/hal_pwm.o (symbol from plugin)
pwm_lld_serve_interrupt                           build/obj/hal_pwm_lld.o (symbol from plugin)
pwm_lld_start                                     build/obj/hal_pwm_lld.o (symbol from plugin)
                                                  build/obj/hal_pwm.o (symbol from plugin)
pwm_lld_stop                                      build/obj/hal_pwm_lld.o (symbol from plugin)
                                                  build/obj/hal_pwm.o (symbol from plugin)
stGetAlarm                                        build/obj/hal_st.o (symbol from plugin)
stInit                                            build/obj/hal_st.o (symbol from plugin)
                                                  build/obj/hal.o (symbol from plugin)
stSetAlarm                                        build/obj/hal_st.o (symbol from plugin)
                                                  build/obj/chvt.o (symbol from plugin)
                                                  build/obj/chsys.o (symbol from plugin)
stStartAlarm                                      build/obj/hal_st.o (symbol from plugin)
                                                  build/obj/chvt.o (symbol from plugin)
stStopAlarm                                       build/obj/hal_st.o (symbol from plugin)
                                                  build/obj/chvt.o (symbol from plugin)
                                                  build/obj/chsys.o (symbol from plugin)
st_lld_init                                       build/obj/hal_st_lld.o (symbol from plugin)
                                                  build/obj/hal_st.o (symbol from plugin)
stm32_clock_init                                  build/obj/hal_lld.o (symbol from plugin)
                                                  build/obj/board.o (symbol from plugin)
